$ next dev --turbopack
   ▲ Next.js 15.5.6 (Turbopack)
   - Local:        http://localhost:3000
   - Network:      http://169.254.0.21:3000

 ✓ Starting...
Attention: Next.js now collects completely anonymous telemetry regarding usage.
This information is used to shape Next.js' roadmap and prioritize features.
You can learn more, including how to opt-out if you'd not like to participate in this anonymous program, by visiting the following URL:
https://nextjs.org/telemetry

 ✓ Ready in 1730ms
   Reload env: .env
   Reload env: .env.local
   Reload env: .env
 ○ Compiling / ...
 ✓ Compiled / in 5.3s
 GET / 200 in 6149ms
 GET / 200 in 3255ms
 ⚠ Cross origin request detected from wet-candles-run.lindy.site to /_next/* resource. In a future major version of Next.js, you will need to explicitly configure "allowedDevOrigins" in next.config to allow this.
Read more: https://nextjs.org/docs/app/api-reference/config/next-config-js/allowedDevOrigins
 ○ Compiling /favicon.ico ...
 ✓ Compiled /favicon.ico in 556ms
 GET /favicon.ico?favicon.bf3c9292.ico 200 in 904ms
 ✓ Compiled /api/register in 228ms
 POST /api/register 201 in 585ms
